====================
.........===========
========.===========
=......=.===========
==.=.=...===========
=..=..=.============
=====.==.===========
=====....===========
=====.==.===========
=====.==.===========
=====.==.===========
=====.==.===========
=====.==.===========
=====.==.===========
=====.==.===========
=====.==.===========
=====.==.===========
=====.==.===========
=====.==.===========
=====E============== 
Maze has no start point
