S====================
********....=.......=
=.=.===*===.=====.===
=.=.=.=*=.....=.....=
===.=.=*===.=====.=.=
=.=.=.=***=...=.=.=.=
=.=.=.=.=*=====.=.===
=.=.=.=.=*******=...=
=.=.=.=.=====.=*=.===
=...=.=.....=.=*....=
=.===.=.===.===*===.=
=.=...=.=...=..*..=.=
===.===.=.=====*=.===
=.=.....=.....=*=...=
=.=.===.=======*=====
=...=.=.....=..*=...=
===.=.=.=======*=.===
=.=...=...=...=*****=
=.=========.=====.=*=
=.=.............=.=*=
=.=========.===.===*=
=...=.=.....=.....=*=
===.=.===.=====.===*=
=.=.........=....***=
=.=.===.=========*===
=.=...=.=.=.=.=***..=
=.=======.=.=.=*=====
=...........=..*=...=
=====.=========*===.=
=...=...=......*****=
=.=.=.===.=====.===*=
=.=...=...=.....=.=*=
=====.=.=.=======.=*=
=.....=.=.=.......=*=
=====.=.=======.=.=*=
=.=.=.....=.....=***=
=.=.=.=.===.=====*===
=.....=.=.....=.=*=.=
===.===.===.===.=*=.=
=...=.....=.=....***=
===================*E
 
south
east
east
east
east
east
east
east
south
south
south
south
east
east
south
south
east
east
east
east
east
east
south
south
south
south
south
south
south
south
south
south
east
east
east
east
south
south
south
south
south
south
west
west
south
south
west
west
south
south
south
south
east
east
east
east
south
south
south
south
south
south
west
west
south
south
south
south
east
east
south
east
